HI-TECH Software C Compiler 

Linker command line:

--edf=C:\Program Files\HI-TECH Software\PICC\9.83\dat\en_msgs.txt -cs \
  -h+MASTER I2C.sym -z -Q16F877A -ol.obj -MMASTER I2C.map -E1 \
  -ACONST=00h-0FFhx32 -ACODE=00h-07FFhx4 -ASTRCODE=00h-01FFFh \
  -AENTRY=00h-0FFhx32 -ASTRING=00h-0FFhx32 -ABANK0=020h-06Fh \
  -ABANK1=0A0h-0EFh -ABANK2=0110h-016Fh -ABANK3=0190h-01EFh \
  -ARAM=020h-06Fh,0A0h-0EFh,0110h-016Fh,0190h-01EFh \
  -AABS1=020h-07Fh,0A0h-0EFh,0110h-016Fh,0190h-01EFh -ACOMMON=070h-07Fh \
  -ASFR0=00h-01Fh -ASFR1=080h-09Fh -ASFR2=0100h-010Fh -ASFR3=0180h-018Fh \
  -preset_vec=00h,intentry,init,end_init -ppowerup=CODE -pfunctab=CODE \
  -ACONFIG=02007h-02007h -pconfig=CONFIG -DCONFIG=2 -AIDLOC=02000h-02003h \
  -pidloc=IDLOC -DIDLOC=2 -AEEDATA=00h-0FFh/02100h -peeprom_data=EEDATA \
  -DEEDATA=2 -DCODE=2 -DSTRCODE=2 -DSTRING=2 -DCONST=2 -DENTRY=2 -k \
  startup.obj MASTER I2C.obj 

Object code version is 3.10

Machine type is 16F877A



                Name                               Link     Load   Length Selector   Space Scale
startup.obj     end_init                              0        0        3        0       0
MASTER I2C.obj  config                             2007     2007        1     400E       0
                text158                             6B5      6B5        D      D6A       0
                text157                             6C2      6C2       11      D84       0
                text156                             733      733       2F      E66       0
                text155                             762      762       2F      EC4       0
                text154                             6E6      6E6       14      DCC       0
                text153                             6FA      6FA       18      DF4       0
                text152                             712      712       21      E24       0
                text151                             6D3      6D3       13      DA6       0
                maintext                            791      791       6F      F22       0
                cstackCOMMON                         70       70        7       70       1
                dataCOMMON                           77       77        1       70       1
                cinit                               6AB      6AB        A      D56       0
                strings                               3        3       1A        6       0
                idataCOMMON                         6AA      6AA        1      D54       0

TOTAL           Name                               Link     Load   Length     Space
        CLASS   CONST          

        CLASS   CODE           
                end_init                              0        0        3         0
                text158                             6B5      6B5        D         0
                text157                             6C2      6C2       11         0
                text156                             733      733       2F         0
                text155                             762      762       2F         0
                text154                             6E6      6E6       14         0
                text153                             6FA      6FA       18         0
                text152                             712      712       21         0
                text151                             6D3      6D3       13         0
                maintext                            791      791       6F         0
                cinit                               6AB      6AB        A         0
                idataCOMMON                         6AA      6AA        1         0

        CLASS   STRCODE        

        CLASS   ENTRY          

        CLASS   STRING         
                strings                               3        3       1A         0

        CLASS   BANK0          

        CLASS   BANK1          

        CLASS   BANK2          

        CLASS   BANK3          

        CLASS   RAM            

        CLASS   ABS1           
                abs_s1                               7E       7E        2         1

        CLASS   COMMON         
                cstackCOMMON                         70       70        7         1
                dataCOMMON                           77       77        1         1

        CLASS   SFR0           

        CLASS   SFR1           

        CLASS   SFR2           

        CLASS   SFR3           

        CLASS   CONFIG         
                config                             2007     2007        1         0

        CLASS   IDLOC          

        CLASS   EEDATA         



SEGMENTS        Name                           Load    Length   Top    Selector   Space  Class     Delta

                reset_vec                      000000  000003  000003         0       0  CODE        2
                strings                        000003  00001A  00001D         6       0  STRING      2
                cstackCOMMON                   000070  000008  000078        70       1  COMMON      1
                idataCOMMON                    0006AA  000001  0006AB       D54       0  CODE        2
                cinit                          0006AB  00000A  0006B5       D56       0  CODE        2
                text158                        0006B5  00000D  0006C2       D6A       0  CODE        2
                text157                        0006C2  000011  0006D3       D84       0  CODE        2
                text151                        0006D3  000013  0006E6       DA6       0  CODE        2
                text154                        0006E6  000014  0006FA       DCC       0  CODE        2
                text153                        0006FA  000018  000712       DF4       0  CODE        2
                text152                        000712  000021  000733       E24       0  CODE        2
                text156                        000733  00002F  000762       E66       0  CODE        2
                text155                        000762  00002F  000791       EC4       0  CODE        2
                maintext                       000791  00006F  000800       F22       0  CODE        2
                config                         002007  000001  002008      400E       0  CONFIG      2


UNUSED ADDRESS RANGES

        Name                Unused          Largest block    Delta
        BANK0            0020-006F             50           1
        BANK1            00A0-00EF             50           1
        BANK2            0110-016F             60           1
        BANK3            0190-01EF             60           1
        CODE             001D-06A9            68D           2
                         0800-1FFF            800
        COMMON           0078-007D              6           1
        CONST            001D-06A9            100           2
                         0800-1FFF            100
        EEDATA           2100-21FF            100           2
        ENTRY            001D-06A9            100           2
                         0800-1FFF            100
        IDLOC            2000-2003              4           2
        RAM              0020-006F             50           1
                         00A0-00EF             50
                         0110-016F             60
                         0190-01EF             60
        SFR0             0000-001F             20           1
        SFR1             0080-009F             20           1
        SFR2             0100-010F             10           1
        SFR3             0180-018F             10           1
        STRCODE          001D-06A9            68D           2
                         0800-1FFF           1800
        STRING           001D-06A9            100           2
                         0800-1FFF            100

                                  Symbol Table

??_Lcd_Command                      cstackCOMMON 0070
??_Lcd_Data                         cstackCOMMON 0070
??_Lcd_Intialization                cstackCOMMON 0073
??_Lcd_String                       cstackCOMMON 0073
??_Master_I2C_Initialization        cstackCOMMON 0070
??_Send_I2C_Data                    cstackCOMMON 0070
??_Start                            cstackCOMMON 0070
??_Stop                             cstackCOMMON 0070
??_main                             cstackCOMMON 0075
?_Lcd_Command                       cstackCOMMON 0070
?_Lcd_Data                          cstackCOMMON 0070
?_Lcd_Intialization                 cstackCOMMON 0070
?_Lcd_String                        cstackCOMMON 0070
?_Master_I2C_Initialization         cstackCOMMON 0070
?_Send_I2C_Data                     cstackCOMMON 0070
?_Start                             cstackCOMMON 0070
?_Stop                              cstackCOMMON 0070
?_main                              cstackCOMMON 0070
Lcd_Command@cmd                     cstackCOMMON 0072
Lcd_Data@Data                       cstackCOMMON 0072
Lcd_String@Str                      cstackCOMMON 0074
Send_I2C_Data@Data                  cstackCOMMON 0070
_ACKSTAT                            (abs)        048E
_CARRY                              (abs)        0018
_EEADR                              (abs)        010D
_EECON1                             (abs)        018C
_EECON2                             (abs)        018D
_EEDATA                             (abs)        010C
_GIE                                (abs)        005F
_Lcd_Command                        text156      0733
_Lcd_Data                           text155      0762
_Lcd_Intialization                  text151      06D3
_Lcd_String                         text152      0712
_Master_I2C_Initialization          text157      06C2
_PEN                                (abs)        048A
_PORTD                              (abs)        0008
_RD                                 (abs)        0C60
_RD2                                (abs)        0042
_RD3                                (abs)        0043
_SEN                                (abs)        0488
_SSPADD                             (abs)        0093
_SSPBUF                             (abs)        0013
_SSPCON                             (abs)        0014
_SSPCON2                            (abs)        0091
_SSPIF                              (abs)        0063
_SSPSTAT                            (abs)        0094
_Send_I2C_Data                      text158      06B5
_Start                              text154      06E6
_Stop                               text153      06FA
_TRISC3                             (abs)        043B
_TRISC4                             (abs)        043C
_TRISD                              (abs)        0088
_WR                                 (abs)        0C61
_WREN                               (abs)        0C62
__Habs1                             abs1         0000
__Hbank0                            bank0        0000
__Hbank1                            bank1        0000
__Hbank2                            bank2        0000
__Hbank3                            bank3        0000
__Hcinit                            cinit        0000
__Hclrtext                          clrtext      0000
__Hcode                             code         0000
__Hcommon                           common       0000
__Hconfig                           config       2008
__HcstackCOMMON                     cstackCOMMON 0000
__HdataCOMMON                       dataCOMMON   0000
__Heeprom_data                      eeprom_data  0000
__Hend_init                         end_init     0003
__Hfunctab                          functab      0000
__HidataCOMMON                      idataCOMMON  0000
__Hidloc                            idloc        0000
__Hinit                             init         0000
__Hintentry                         intentry     0000
__Hmaintext                         maintext     0000
__Hpowerup                          powerup      0000
__Hram                              ram          0000
__Hreset_vec                        reset_vec    0000
__Hsfr0                             sfr0         0000
__Hsfr1                             sfr1         0000
__Hsfr2                             sfr2         0000
__Hsfr3                             sfr3         0000
__Hstrings                          strings      0000
__Htext                             text         0000
__Labs1                             abs1         0000
__Lbank0                            bank0        0000
__Lbank1                            bank1        0000
__Lbank2                            bank2        0000
__Lbank3                            bank3        0000
__Lcinit                            cinit        0000
__Lclrtext                          clrtext      0000
__Lcode                             code         0000
__Lcommon                           common       0000
__Lconfig                           config       2007
__LcstackCOMMON                     cstackCOMMON 0000
__LdataCOMMON                       dataCOMMON   0000
__Leeprom_data                      eeprom_data  0000
__Lend_init                         end_init     0000
__Lfunctab                          functab      0000
__LidataCOMMON                      idataCOMMON  0000
__Lidloc                            idloc        0000
__Linit                             init         0000
__Lintentry                         intentry     0000
__Lmaintext                         maintext     0000
__Lpowerup                          powerup      0000
__Lram                              ram          0000
__Lreset_vec                        reset_vec    0000
__Lsfr0                             sfr0         0000
__Lsfr1                             sfr1         0000
__Lsfr2                             sfr2         0000
__Lsfr3                             sfr3         0000
__Lstrings                          strings      0000
__Ltext                             text         0000
__S0                                (abs)        2008
__S1                                (abs)        0078
__S2                                (abs)        0000
__end_of_Lcd_Command                text156      0762
__end_of_Lcd_Data                   text155      0791
__end_of_Lcd_Intialization          text151      06E6
__end_of_Lcd_String                 text152      0733
__end_of_Master_I2C_Initialization  text157      06D3
__end_of_Send_I2C_Data              text158      06C2
__end_of_Start                      text154      06FA
__end_of_Stop                       text153      0712
__end_of_main                       maintext     0800
__pcstackCOMMON                     cstackCOMMON 0070
__pdataCOMMON                       dataCOMMON   0077
__pidataCOMMON                      idataCOMMON  06AA
__pmaintext                         maintext     0791
__pstrings                          strings      0003
__ptext151                          text151      06D3
__ptext152                          text152      0712
__ptext153                          text153      06FA
__ptext154                          text154      06E6
__ptext155                          text155      0762
__ptext156                          text156      0733
__ptext157                          text157      06C2
__ptext158                          text158      06B5
__ptext159                          text159      0000
__size_of_Lcd_Command               (abs)        0000
__size_of_Lcd_Data                  (abs)        0000
__size_of_Lcd_Intialization         (abs)        0000
__size_of_Lcd_String                (abs)        0000
__size_of_Master_I2C_Initialization (abs)        0000
__size_of_Send_I2C_Data             (abs)        0000
__size_of_Start                     (abs)        0000
__size_of_Stop                      (abs)        0000
__size_of_main                      (abs)        0000
_exit                               init         0000
_m                                  dataCOMMON   0077
_main                               maintext     0791
btemp                               (abs)        007E
end_of_initialization               cinit        06B1
intlevel0                           functab      0000
intlevel1                           functab      0000
intlevel2                           functab      0000
intlevel3                           functab      0000
intlevel4                           functab      0000
intlevel5                           functab      0000
reset_vec                           reset_vec    0000
start                               init         0000
start_initialization                cinit        06AB
wtemp0                              (abs)        007E
